Archive member included to satisfy reference by file (symbol)

.\CortexM3\ARM_GCC_541\Debug\combintional_lock.a(CyLib.o)
                              .\CortexM3\ARM_GCC_541\Debug\Cm3Start.o (CyHalt)
.\CortexM3\ARM_GCC_541\Debug\combintional_lock.a(cyPm.o)
                              .\CortexM3\ARM_GCC_541\Debug\combintional_lock.a(CyLib.o) (CyPmReadStatus)
.\CortexM3\ARM_GCC_541\Debug\combintional_lock.a(USBUART.o)
                              .\CortexM3\ARM_GCC_541\Debug\main.o (USBUART_Start)
.\CortexM3\ARM_GCC_541\Debug\combintional_lock.a(USBUART_cdc.o)
                              .\CortexM3\ARM_GCC_541\Debug\main.o (USBUART_CDC_Init)
.\CortexM3\ARM_GCC_541\Debug\combintional_lock.a(USBUART_drv.o)
                              .\CortexM3\ARM_GCC_541\Debug\combintional_lock.a(USBUART.o) (USBUART_lastPacketSize)
.\CortexM3\ARM_GCC_541\Debug\combintional_lock.a(USBUART_episr.o)
                              .\CortexM3\ARM_GCC_541\Debug\combintional_lock.a(USBUART.o) (USBUART_EP_1_ISR)
.\CortexM3\ARM_GCC_541\Debug\combintional_lock.a(USBUART_pm.o)
                              .\CortexM3\ARM_GCC_541\Debug\combintional_lock.a(USBUART.o) (USBUART_DP_ISR)
.\CortexM3\ARM_GCC_541\Debug\combintional_lock.a(USBUART_std.o)
                              .\CortexM3\ARM_GCC_541\Debug\combintional_lock.a(USBUART_pm.o) (USBUART_ConfigReg)
.\CortexM3\ARM_GCC_541\Debug\combintional_lock.a(USBUART_vnd.o)
                              .\CortexM3\ARM_GCC_541\Debug\combintional_lock.a(USBUART_drv.o) (USBUART_HandleVendorRqst)
.\CortexM3\ARM_GCC_541\Debug\combintional_lock.a(USBUART_Dp.o)
                              .\CortexM3\ARM_GCC_541\Debug\combintional_lock.a(USBUART.o) (USBUART_Dp_ClearInterrupt)
.\CortexM3\ARM_GCC_541\Debug\combintional_lock.a(LCD.o)
                              .\CortexM3\ARM_GCC_541\Debug\main.o (LCD_PrintString)
.\CortexM3\ARM_GCC_541\Debug\combintional_lock.a(Pin_1.o)
                              .\CortexM3\ARM_GCC_541\Debug\main.o (Pin_1_Write)
.\CortexM3\ARM_GCC_541\Debug\combintional_lock.a(Pin_2.o)
                              .\CortexM3\ARM_GCC_541\Debug\main.o (Pin_2_Write)
.\CortexM3\ARM_GCC_541\Debug\combintional_lock.a(CyBootAsmGnu.o)
                              .\CortexM3\ARM_GCC_541\Debug\cyfitter_cfg.o (CyDelayCycles)
.\CortexM3\ARM_GCC_541\Debug\combintional_lock.a(CyFlash.o)
                              .\CortexM3\ARM_GCC_541\Debug\combintional_lock.a(cyPm.o) (CyFlash_SetWaitCycles)
.\CortexM3\ARM_GCC_541\Debug\combintional_lock.a(CySpc.o)
                              .\CortexM3\ARM_GCC_541\Debug\combintional_lock.a(CyFlash.o) (CySpcStart)
.\CortexM3\ARM_GCC_541\Debug\combintional_lock.a(USBUART_cls.o)
                              .\CortexM3\ARM_GCC_541\Debug\combintional_lock.a(USBUART_drv.o) (USBUART_DispatchClassRqst)
.\CortexM3\ARM_GCC_541\Debug\combintional_lock.a(USBUART_descr.o)
                              .\CortexM3\ARM_GCC_541\Debug\combintional_lock.a(USBUART_std.o) (USBUART_idSerialNumberStringDescriptor)
c:/program files (x86)/cypress/psoc creator/4.4/psoc creator/import/gnu/arm/5.4.1/bin/../lib/gcc/arm-none-eabi/5.4.1/../../../../arm-none-eabi/lib/armv7-m\libg_nano.a(lib_a-errno.o)
                              .\CortexM3\ARM_GCC_541\Debug\Cm3Start.o (__errno)
c:/program files (x86)/cypress/psoc creator/4.4/psoc creator/import/gnu/arm/5.4.1/bin/../lib/gcc/arm-none-eabi/5.4.1/../../../../arm-none-eabi/lib/armv7-m\libg_nano.a(lib_a-exit.o)
                              c:/program files (x86)/cypress/psoc creator/4.4/psoc creator/import/gnu/arm/5.4.1/bin/../lib/gcc/arm-none-eabi/5.4.1/../../../../arm-none-eabi/lib/armv7-m/crt0.o (exit)
c:/program files (x86)/cypress/psoc creator/4.4/psoc creator/import/gnu/arm/5.4.1/bin/../lib/gcc/arm-none-eabi/5.4.1/../../../../arm-none-eabi/lib/armv7-m\libg_nano.a(lib_a-impure.o)
                              c:/program files (x86)/cypress/psoc creator/4.4/psoc creator/import/gnu/arm/5.4.1/bin/../lib/gcc/arm-none-eabi/5.4.1/../../../../arm-none-eabi/lib/armv7-m\libg_nano.a(lib_a-exit.o) (_global_impure_ptr)
c:/program files (x86)/cypress/psoc creator/4.4/psoc creator/import/gnu/arm/5.4.1/bin/../lib/gcc/arm-none-eabi/5.4.1/../../../../arm-none-eabi/lib/armv7-m\libg_nano.a(lib_a-init.o)
                              c:/program files (x86)/cypress/psoc creator/4.4/psoc creator/import/gnu/arm/5.4.1/bin/../lib/gcc/arm-none-eabi/5.4.1/../../../../arm-none-eabi/lib/armv7-m/crt0.o (__libc_init_array)
c:/program files (x86)/cypress/psoc creator/4.4/psoc creator/import/gnu/arm/5.4.1/bin/../lib/gcc/arm-none-eabi/5.4.1/../../../../arm-none-eabi/lib/armv7-m\libg_nano.a(lib_a-memcpy-stub.o)
                              .\CortexM3\ARM_GCC_541\Debug\cyfitter_cfg.o (memcpy)
c:/program files (x86)/cypress/psoc creator/4.4/psoc creator/import/gnu/arm/5.4.1/bin/../lib/gcc/arm-none-eabi/5.4.1/../../../../arm-none-eabi/lib/armv7-m\libg_nano.a(lib_a-memset.o)
[...]
Memory Configuration

Name             Origin             Length             Attributes
rom              0x00000000         0x00040000         xr
ram              0x1fff8000         0x00010000         xrw
*default*        0x00000000         0xffffffff

Linker script and memory map

LOAD c:/program files (x86)/cypress/psoc creator/4.4/psoc creator/import/gnu/arm/5.4.1/bin/../lib/gcc/arm-none-eabi/5.4.1/armv7-m/crti.o
LOAD c:/program files (x86)/cypress/psoc creator/4.4/psoc creator/import/gnu/arm/5.4.1/bin/../lib/gcc/arm-none-eabi/5.4.1/armv7-m/crtbegin.o
LOAD c:/program files (x86)/cypress/psoc creator/4.4/psoc creator/import/gnu/arm/5.4.1/bin/../lib/gcc/arm-none-eabi/5.4.1/../../../../arm-none-eabi/lib/armv7-m/crt0.o
START GROUP
LOAD .\CortexM3\ARM_GCC_541\Debug\main.o
LOAD .\CortexM3\ARM_GCC_541\Debug\cyfitter_cfg.o
LOAD .\CortexM3\ARM_GCC_541\Debug\cymetadata.o
LOAD .\CortexM3\ARM_GCC_541\Debug\Cm3Start.o
LOAD .\CortexM3\ARM_GCC_541\Debug\combintional_lock.a
LOAD C:\Program Files (x86)\Cypress\PSoC Creator\4.4\PSoC Creator\psoc\content\cycomponentlibrary\CyComponentLibrary.cylib\CortexM3\ARM_GCC_541\Debug\CyComponentLibrary.a
END GROUP
START GROUP
LOAD c:/program files (x86)/cypress/psoc creator/4.4/psoc creator/import/gnu/arm/5.4.1/bin/../lib/gcc/arm-none-eabi/5.4.1/armv7-m\libgcc.a
LOAD c:/program files (x86)/cypress/psoc creator/4.4/psoc creator/import/gnu/arm/5.4.1/bin/../lib/gcc/arm-none-eabi/5.4.1/../../../../arm-none-eabi/lib/armv7-m\libg_nano.a
LOAD c:/program files (x86)/cypress/psoc creator/4.4/psoc creator/import/gnu/arm/5.4.1/bin/../lib/gcc/arm-none-eabi/5.4.1/../../../../arm-none-eabi/lib/armv7-m\libc_nano.a
END GROUP
START GROUP
LOAD c:/program files (x86)/cypress/psoc creator/4.4/psoc creator/import/gnu/arm/5.4.1/bin/../lib/gcc/arm-none-eabi/5.4.1/armv7-m\libgcc.a
LOAD c:/program files (x86)/cypress/psoc creator/4.4/psoc creator/import/gnu/arm/5.4.1/bin/../lib/gcc/arm-none-eabi/5.4.1/../../../../arm-none-eabi/lib/armv7-m\libc_nano.a
END GROUP
LOAD c:/program files (x86)/cypress/psoc creator/4.4/psoc creator/import/gnu/arm/5.4.1/bin/../lib/gcc/arm-none-eabi/5.4.1/armv7-m/crtend.o
LOAD c:/program files (x86)/cypress/psoc creator/4.4/psoc creator/import/gnu/arm/5.4.1/bin/../lib/gcc/arm-none-eabi/5.4.1/armv7-m/crtn.o
START GROUP
LOAD c:/program files (x86)/cypress/psoc creator/4.4/psoc creator/import/gnu/arm/5.4.1/bin/../lib/gcc/arm-none-eabi/5.4.1/armv7-m\libgcc.a
LOAD c:/program files (x86)/cypress/psoc creator/4.4/psoc creator/import/gnu/arm/5.4.1/bin/../lib/gcc/arm-none-eabi/5.4.1/../../../../arm-none-eabi/lib/armv7-m\libc.a
LOAD c:/program files (x86)/cypress/psoc creator/4.4/psoc creator/import/gnu/arm/5.4.1/bin/../lib/gcc/arm-none-eabi/5.4.1/../../../../arm-none-eabi/lib/armv7-m\libnosys.a
END GROUP
                0x00000000                CY_APPL_ORIGIN = 0x0
                0x00000100                CY_FLASH_ROW_SIZE = 0x100
                0x00000020                CY_ECC_ROW_SIZE = 0x20
                0x00000000                CY_EE_IN_BTLDR = 0x0
                0x00000000                CY_APPL_LOADABLE = 0x0
                0x00000800                CY_EE_SIZE = 0x800
                0x00000001                CY_APPL_NUM = 0x1
                0x00000001                CY_APPL_MAX = 0x1
                0x00000040                CY_METADATA_SIZE = 0x40
                0x00000000                CY_APPL_LOADABLE = 0x0
                0x00000000                CY_CHECKSUM_EXCLUDE_SIZE = ALIGN (0x0, CY_FLASH_ROW_SIZE)
                [!provide]                PROVIDE (__cy_heap_start, _end)
                0x00000001                PROVIDE (__cy_region_num, ((__cy_regions_end - __cy_regions) / 0x10))
                0x20008000                PROVIDE (__cy_stack, (ORIGIN (ram) + LENGTH (ram)))
                [!provide]                PROVIDE (__cy_heap_end, (__cy_stack - 0x800))

.cybootloader   0x00000000        0x0
 *(.cybootloader)
                0x00000000                appl1_start = CY_APPL_ORIGIN?CY_APPL_ORIGIN:ALIGN (CY_FLASH_ROW_SIZE)
                0x0001ff00                appl2_start = (appl1_start + ALIGN ((((LENGTH (rom) - appl1_start) - (0x2 * CY_FLASH_ROW_SIZE)) / 0x2), CY_FLASH_ROW_SIZE))
                0x00000000                appl_start = (CY_APPL_NUM == 0x1)?appl1_start:appl2_start
                0x00000000                ecc_offset = ((appl_start / CY_FLASH_ROW_SIZE) * CY_ECC_ROW_SIZE)
                0x00000000                ee_offset = (CY_APPL_LOADABLE && ! (CY_EE_IN_BTLDR))?((CY_EE_SIZE / CY_APPL_MAX) * (CY_APPL_NUM - 0x1)):0x0
                0x00000800                ee_size = (CY_APPL_LOADABLE && ! (CY_EE_IN_BTLDR))?(CY_EE_SIZE / CY_APPL_MAX):CY_EE_SIZE
                [!provide]                PROVIDE (CY_ECC_OFFSET, ecc_offset)

.text           0x00000000     0x1e42
 CREATE_OBJECT_SYMBOLS
                0x00000000                PROVIDE (__cy_interrupt_vector, RomVectors)
 *(.romvectors)
 .romvectors    0x00000000       0x10 .\CortexM3\ARM_GCC_541\Debug\Cm3Start.o
                0x00000000                RomVectors
                0x00000001                ASSERT ((. != __cy_interrupt_vector), No interrupt vector)
                0x00000001                ASSERT (CY_APPL_ORIGIN?(SIZEOF (.cybootloader) <= CY_APPL_ORIGIN):0x1, Wrong image location)
                0x00000010                PROVIDE (__cy_reset, Reset)
 *(.text.Reset)
 .text.Reset    0x00000010       0x18 .\CortexM3\ARM_GCC_541\Debug\Cm3Start.o
                0x00000010                Reset
                0x00000001                ASSERT ((. != __cy_reset), No reset code)
 *(.dma_init)
                0x00000001                ASSERT ((((appl_start + .) <= 0x10000) || 0x1), DMA Init must be within the first 64k of flash)
 *(.text .text.* .gnu.linkonce.t.*)
 .text          0x00000028       0x5c c:/program files (x86)/cypress/psoc creator/4.4/psoc creator/import/gnu/arm/5.4.1/bin/../lib/gcc/arm-none-eabi/5.4.1/armv7-m/crtbegin.o
 .text.processReceivedData
                0x00000084       0xf8 .\CortexM3\ARM_GCC_541\Debug\main.o
                0x00000084                processReceivedData
 .text.main     0x0000017c       0x6c .\CortexM3\ARM_GCC_541\Debug\main.o
                0x0000017c                main
 .text.CyClockStartupError
                0x000001e8        0x4 .\CortexM3\ARM_GCC_541\Debug\cyfitter_cfg.o
 .text.cfg_write_bytes32
                0x000001ec       0x34 .\CortexM3\ARM_GCC_541\Debug\cyfitter_cfg.o
 .text.AnalogSetDefault
                0x00000220       0x28 .\CortexM3\ARM_GCC_541\Debug\cyfitter_cfg.o
 .text.CYMEMZERO
                0x00000248        0xc .\CortexM3\ARM_GCC_541\Debug\cyfitter_cfg.o
 .text.ClockSetup
                0x00000254       0xd0 .\CortexM3\ARM_GCC_541\Debug\cyfitter_cfg.o
 .text.CYCONFIGCPY
                0x00000324        0x8 .\CortexM3\ARM_GCC_541\Debug\cyfitter_cfg.o
 .text.cyfitter_cfg
                0x0000032c       0xe0 .\CortexM3\ARM_GCC_541\Debug\cyfitter_cfg.o
                0x0000032c                cyfitter_cfg
 .text.IntDefaultHandler
                0x0000040c       0x10 .\CortexM3\ARM_GCC_541\Debug\Cm3Start.o
                0x0000040c                IntDefaultHandler
 .text.Start_c  0x0000041c       0x4c .\CortexM3\ARM_GCC_541\Debug\Cm3Start.o
                0x0000041c                Start_c
 .text.initialize_psoc
                0x00000468       0x68 .\CortexM3\ARM_GCC_541\Debug\Cm3Start.o
                0x00000468                initialize_psoc
 .text.CyHalt   0x000004d0        0x4 .\CortexM3\ARM_GCC_541\Debug\combintional_lock.a(CyLib.o)
                0x000004d0                CyHalt
 .text.CyDelay  0x000004d4       0x2c .\CortexM3\ARM_GCC_541\Debug\combintional_lock.a(CyLib.o)
                0x000004d4                CyDelay
 .text.CyDelayUs
                0x00000500       0x14 .\CortexM3\ARM_GCC_541\Debug\combintional_lock.a(CyLib.o)
                0x00000500                CyDelayUs
 .text.CyIntSetVector
                0x00000514       0x28 .\CortexM3\ARM_GCC_541\Debug\combintional_lock.a(CyLib.o)
                0x00000514                CyIntSetVector
 .text.CyIntSetPriority
                0x0000053c       0x30 .\CortexM3\ARM_GCC_541\Debug\combintional_lock.a(CyLib.o)
                0x0000053c                CyIntSetPriority
 .text.CyGetUniqueId
                0x0000056c       0x70 .\CortexM3\ARM_GCC_541\Debug\combintional_lock.a(CyLib.o)
                0x0000056c                CyGetUniqueId
 .text.USBUART_Init
                0x000005dc      0x140 .\CortexM3\ARM_GCC_541\Debug\combintional_lock.a(USBUART.o)
                0x000005dc                USBUART_Init
 .text.USBUART_InitComponent
                0x0000071c       0xb8 .\CortexM3\ARM_GCC_541\Debug\combintional_lock.a(USBUART.o)
                0x0000071c                USBUART_InitComponent
 .text.USBUART_Start
                0x000007d4       0x24 .\CortexM3\ARM_GCC_541\Debug\combintional_lock.a(USBUART.o)
                0x000007d4                USBUART_Start
 .text.USBUART_ReInitComponent
                0x000007f8       0x4c .\CortexM3\ARM_GCC_541\Debug\combintional_lock.a(USBUART.o)
                0x000007f8                USBUART_ReInitComponent
 .text.USBUART_GetConfiguration
                0x00000844        0xc .\CortexM3\ARM_GCC_541\Debug\combintional_lock.a(USBUART.o)
                0x00000844                USBUART_GetConfiguration
 .text.USBUART_IsConfigurationChanged
                0x00000850       0x20 .\CortexM3\ARM_GCC_541\Debug\combintional_lock.a(USBUART.o)
                0x00000850                USBUART_IsConfigurationChanged
 .text.USBUART_GetEPState
                0x00000870       0x14 .\CortexM3\ARM_GCC_541\Debug\combintional_lock.a(USBUART.o)
                0x00000870                USBUART_GetEPState
 .text.USBUART_GetEPCount
                0x00000884       0x28 .\CortexM3\ARM_GCC_541\Debug\combintional_lock.a(USBUART.o)
                0x00000884                USBUART_GetEPCount
 .text.USBUART_LoadInEP
                0x000008ac       0x94 .\CortexM3\ARM_GCC_541\Debug\combintional_lock.a(USBUART.o)
                0x000008ac                USBUART_LoadInEP
 .text.USBUART_EnableOutEP
                0x00000940       0x2c .\CortexM3\ARM_GCC_541\Debug\combintional_lock.a(USBUART.o)
                0x00000940                USBUART_EnableOutEP
 .text.USBUART_ReadOutEP
                0x0000096c       0x50 .\CortexM3\ARM_GCC_541\Debug\combintional_lock.a(USBUART.o)
                0x0000096c                USBUART_ReadOutEP
 .text.USBUART_GetInterfaceComPort
                0x000009bc       0x38 .\CortexM3\ARM_GCC_541\Debug\combintional_lock.a(USBUART_cdc.o)
                0x000009bc                USBUART_GetInterfaceComPort
 .text.USBUART_DispatchCDCClassRqst
                0x000009f4       0x98 .\CortexM3\ARM_GCC_541\Debug\combintional_lock.a(USBUART_cdc.o)
                0x000009f4                USBUART_DispatchCDCClassRqst
 .text.USBUART_CDC_Init
                0x00000a8c       0x98 .\CortexM3\ARM_GCC_541\Debug\combintional_lock.a(USBUART_cdc.o)
                0x00000a8c                USBUART_CDC_Init
 .text.USBUART_PutChar
                0x00000b24       0x28 .\CortexM3\ARM_GCC_541\Debug\combintional_lock.a(USBUART_cdc.o)
                0x00000b24                USBUART_PutChar
 .text.USBUART_DataIsReady
                0x00000b4c       0x18 .\CortexM3\ARM_GCC_541\Debug\combintional_lock.a(USBUART_cdc.o)
                0x00000b4c                USBUART_DataIsReady
 .text.USBUART_CDCIsReady
                0x00000b64       0x18 .\CortexM3\ARM_GCC_541\Debug\combintional_lock.a(USBUART_cdc.o)
                0x00000b64                USBUART_CDCIsReady
 .text.USBUART_GetChar
                0x00000b7c       0x28 .\CortexM3\ARM_GCC_541\Debug\combintional_lock.a(USBUART_cdc.o)
                0x00000b7c                USBUART_GetChar
 .text.USBUART_Cdc_EpInit
                0x00000ba4       0x50 .\CortexM3\ARM_GCC_541\Debug\combintional_lock.a(USBUART_cdc.o)
                0x00000ba4                USBUART_Cdc_EpInit
 .text.USBUART_LoadEP0
                0x00000bf4       0x98 .\CortexM3\ARM_GCC_541\Debug\combintional_lock.a(USBUART_drv.o)
                0x00000bf4                USBUART_LoadEP0
 .text.USBUART_InitZeroLengthControlTransfer
                0x00000c8c       0x34 .\CortexM3\ARM_GCC_541\Debug\combintional_lock.a(USBUART_drv.o)
                0x00000c8c                USBUART_InitZeroLengthControlTransfer
 .text.USBUART_ControlReadDataStage
                0x00000cc0        0x8 .\CortexM3\ARM_GCC_541\Debug\combintional_lock.a(USBUART_drv.o)
                0x00000cc0                USBUART_ControlReadDataStage
 .text.USBUART_ControlWriteDataStage
                0x00000cc8       0x84 .\CortexM3\ARM_GCC_541\Debug\combintional_lock.a(USBUART_drv.o)
                0x00000cc8                USBUART_ControlWriteDataStage
 .text.USBUART_InitNoDataControlTransfer
                0x00000d4c       0x2c .\CortexM3\ARM_GCC_541\Debug\combintional_lock.a(USBUART_drv.o)
                0x00000d4c                USBUART_InitNoDataControlTransfer
 .text.USBUART_UpdateStatusBlock
                0x00000d78       0x24 .\CortexM3\ARM_GCC_541\Debug\combintional_lock.a(USBUART_drv.o)
                0x00000d78                USBUART_UpdateStatusBlock
 .text.USBUART_HandleSetup
                0x00000d9c       0x5c .\CortexM3\ARM_GCC_541\Debug\combintional_lock.a(USBUART_drv.o)
                0x00000d9c                USBUART_HandleSetup
 .text.USBUART_ControlReadStatusStage
                0x00000df8       0x38 .\CortexM3\ARM_GCC_541\Debug\combintional_lock.a(USBUART_drv.o)
                0x00000df8                USBUART_ControlReadStatusStage
 .text.USBUART_HandleOUT
                0x00000e30       0x38 .\CortexM3\ARM_GCC_541\Debug\combintional_lock.a(USBUART_drv.o)
                0x00000e30                USBUART_HandleOUT
 .text.USBUART_ControlWriteStatusStage
                0x00000e68       0x20 .\CortexM3\ARM_GCC_541\Debug\combintional_lock.a(USBUART_drv.o)
                0x00000e68                USBUART_ControlWriteStatusStage
 .text.USBUART_NoDataControlStatusStage
                0x00000e88       0x40 .\CortexM3\ARM_GCC_541\Debug\combintional_lock.a(USBUART_drv.o)
                0x00000e88                USBUART_NoDataControlStatusStage
 .text.USBUART_HandleIN
                0x00000ec8       0x2c .\CortexM3\ARM_GCC_541\Debug\combintional_lock.a(USBUART_drv.o)
                0x00000ec8                USBUART_HandleIN
 .text.USBUART_EP_0_ISR
                0x00000ef4       0xb8 .\CortexM3\ARM_GCC_541\Debug\combintional_lock.a(USBUART_drv.o)
                0x00000ef4                USBUART_EP_0_ISR
 .text.USBUART_InitializeStatusBlock
                0x00000fac       0x24 .\CortexM3\ARM_GCC_541\Debug\combintional_lock.a(USBUART_drv.o)
                0x00000fac                USBUART_InitializeStatusBlock
 .text.USBUART_InitControlRead
                0x00000fd0       0x50 .\CortexM3\ARM_GCC_541\Debug\combintional_lock.a(USBUART_drv.o)
                0x00000fd0                USBUART_InitControlRead
 .text.USBUART_InitControlWrite
                0x00001020       0x48 .\CortexM3\ARM_GCC_541\Debug\combintional_lock.a(USBUART_drv.o)
                0x00001020                USBUART_InitControlWrite
 .text.USBUART_EP_1_ISR
                0x00001068       0x30 .\CortexM3\ARM_GCC_541\Debug\combintional_lock.a(USBUART_episr.o)
                0x00001068                USBUART_EP_1_ISR
 .text.USBUART_EP_2_ISR
                0x00001098       0x34 .\CortexM3\ARM_GCC_541\Debug\combintional_lock.a(USBUART_episr.o)
                0x00001098                USBUART_EP_2_ISR
 .text.USBUART_EP_3_ISR
                0x000010cc       0x3c .\CortexM3\ARM_GCC_541\Debug\combintional_lock.a(USBUART_episr.o)
                0x000010cc                USBUART_EP_3_ISR
 .text.USBUART_SOF_ISR
                0x00001108        0x4 .\CortexM3\ARM_GCC_541\Debug\combintional_lock.a(USBUART_episr.o)
                0x00001108                USBUART_SOF_ISR
 .text.USBUART_BUS_RESET_ISR
                0x0000110c        0x8 .\CortexM3\ARM_GCC_541\Debug\combintional_lock.a(USBUART_episr.o)
                0x0000110c                USBUART_BUS_RESET_ISR
 .text.USBUART_DP_ISR
                0x00001114        0x8 .\CortexM3\ARM_GCC_541\Debug\combintional_lock.a(USBUART_pm.o)
                0x00001114                USBUART_DP_ISR
 .text.USBUART_ReadDieID
                0x0000111c       0x6c .\CortexM3\ARM_GCC_541\Debug\combintional_lock.a(USBUART_std.o)
                0x0000111c                USBUART_ReadDieID
 .text.USBUART_ConfigReg
                0x00001188       0xa4 .\CortexM3\ARM_GCC_541\Debug\combintional_lock.a(USBUART_std.o)
                0x00001188                USBUART_ConfigReg
 .text.USBUART_GetConfigTablePtr
                0x0000122c       0x28 .\CortexM3\ARM_GCC_541\Debug\combintional_lock.a(USBUART_std.o)
                0x0000122c                USBUART_GetConfigTablePtr
 .text.USBUART_ConfigAltChanged
                0x00001254      0x11c .\CortexM3\ARM_GCC_541\Debug\combintional_lock.a(USBUART_std.o)
                0x00001254                USBUART_ConfigAltChanged
 .text.USBUART_GetDeviceTablePtr
                0x00001370       0x18 .\CortexM3\ARM_GCC_541\Debug\combintional_lock.a(USBUART_std.o)
                0x00001370                USBUART_GetDeviceTablePtr
 .text.USBUART_GetInterfaceClassTablePtr
                0x00001388       0x28 .\CortexM3\ARM_GCC_541\Debug\combintional_lock.a(USBUART_std.o)
                0x00001388                USBUART_GetInterfaceClassTablePtr
 .text.USBUART_Config
                0x000013b0      0x1ec .\CortexM3\ARM_GCC_541\Debug\combintional_lock.a(USBUART_std.o)
                0x000013b0                USBUART_Config
 .text.USBUART_SetEndpointHalt
                0x0000159c       0x64 .\CortexM3\ARM_GCC_541\Debug\combintional_lock.a(USBUART_std.o)
                0x0000159c                USBUART_SetEndpointHalt
 .text.USBUART_ClearEndpointHalt
                0x00001600       0xac .\CortexM3\ARM_GCC_541\Debug\combintional_lock.a(USBUART_std.o)
                0x00001600                USBUART_ClearEndpointHalt
 .text.USBUART_ValidateAlternateSetting
                0x000016ac       0x4c .\CortexM3\ARM_GCC_541\Debug\combintional_lock.a(USBUART_std.o)
                0x000016ac                USBUART_ValidateAlternateSetting
 .text.USBUART_HandleStandardRqst
                0x000016f8      0x354 .\CortexM3\ARM_GCC_541\Debug\combintional_lock.a(USBUART_std.o)
                0x000016f8                USBUART_HandleStandardRqst
 .text.USBUART_HandleVendorRqst
                0x00001a4c       0x18 .\CortexM3\ARM_GCC_541\Debug\combintional_lock.a(USBUART_vnd.o)
                0x00001a4c                USBUART_HandleVendorRqst
 .text.USBUART_Dp_ClearInterrupt
                0x00001a64       0x10 .\CortexM3\ARM_GCC_541\Debug\combintional_lock.a(USBUART_Dp.o)
                0x00001a64                USBUART_Dp_ClearInterrupt
 .text.LCD_WrCntrlNib
                0x00001a74       0x34 .\CortexM3\ARM_GCC_541\Debug\combintional_lock.a(LCD.o)
 .text.LCD_WrDatNib
                0x00001aa8       0x44 .\CortexM3\ARM_GCC_541\Debug\combintional_lock.a(LCD.o)
 .text.LCD_IsReady
                0x00001aec       0xe4 .\CortexM3\ARM_GCC_541\Debug\combintional_lock.a(LCD.o)
                0x00001aec                LCD_IsReady
 .text.LCD_WriteData
                0x00001bd0       0x18 .\CortexM3\ARM_GCC_541\Debug\combintional_lock.a(LCD.o)
                0x00001bd0                LCD_WriteData
 .text.LCD_PrintString
                0x00001be8       0x1c .\CortexM3\ARM_GCC_541\Debug\combintional_lock.a(LCD.o)
                0x00001be8                LCD_PrintString
 .text.LCD_PutChar
                0x00001c04        0x8 .\CortexM3\ARM_GCC_541\Debug\combintional_lock.a(LCD.o)
                0x00001c04                LCD_PutChar
 .text.LCD_WriteControl
                0x00001c0c       0x18 .\CortexM3\ARM_GCC_541\Debug\combintional_lock.a(LCD.o)
                0x00001c0c                LCD_WriteControl
 .text.LCD_Init
                0x00001c24       0x6c .\CortexM3\ARM_GCC_541\Debug\combintional_lock.a(LCD.o)
                0x00001c24                LCD_Init
 .text.LCD_Enable
                0x00001c90       0x14 .\CortexM3\ARM_GCC_541\Debug\combintional_lock.a(LCD.o)
                0x00001c90                LCD_Enable
 .text.LCD_Start
                0x00001ca4       0x1c .\CortexM3\ARM_GCC_541\Debug\combintional_lock.a(LCD.o)
                0x00001ca4                LCD_Start
 .text.LCD_Position
                0x00001cc0       0x3c .\CortexM3\ARM_GCC_541\Debug\combintional_lock.a(LCD.o)
                0x00001cc0                LCD_Position
 .text.Pin_1_Write
                0x00001cfc       0x18 .\CortexM3\ARM_GCC_541\Debug\combintional_lock.a(Pin_1.o)
                0x00001cfc                Pin_1_Write
 .text.Pin_2_Write
                0x00001d14       0x18 .\CortexM3\ARM_GCC_541\Debug\combintional_lock.a(Pin_2.o)
                0x00001d14                Pin_2_Write
 *fill*         0x00001d2c        0x4 
 .text          0x00001d30       0x20 .\CortexM3\ARM_GCC_541\Debug\combintional_lock.a(CyBootAsmGnu.o)
                0x00001d30                CyDelayCycles
                0x00001d40                CyEnterCriticalSection
                0x00001d48                CyExitCriticalSection
 .text.USBUART_DispatchClassRqst
                0x00001d50       0x60 .\CortexM3\ARM_GCC_541\Debug\combintional_lock.a(USBUART_cls.o)
                0x00001d50                USBUART_DispatchClassRqst
 .text.__errno  0x00001db0        0xc c:/program files (x86)/cypress/psoc creator/4.4/psoc creator/import/gnu/arm/5.4.1/bin/../lib/gcc/arm-none-eabi/5.4.1/../../../../arm-none-eabi/lib/armv7-m\libg_nano.a(lib_a-errno.o)
                0x00001db0                __errno
 .text.__libc_init_array
                0x00001dbc       0x4c c:/program files (x86)/cypress/psoc creator/4.4/psoc creator/import/gnu/arm/5.4.1/bin/../lib/gcc/arm-none-eabi/5.4.1/../../../../arm-none-eabi/lib/armv7-m\libg_nano.a(lib_a-init.o)
                0x00001dbc                __libc_init_array
 .text.memcpy   0x00001e08       0x16 c:/program files (x86)/cypress/psoc creator/4.4/psoc creator/import/gnu/arm/5.4.1/bin/../lib/gcc/arm-none-eabi/5.4.1/../../../../arm-none-eabi/lib/armv7-m\libg_nano.a(lib_a-memcpy-stub.o)
                0x00001e08                memcpy
 .text.memset   0x00001e1e       0x10 c:/program files (x86)/cypress/psoc creator/4.4/psoc creator/import/gnu/arm/5.4.1/bin/../lib/gcc/arm-none-eabi/5.4.1/../../../../arm-none-eabi/lib/armv7-m\libg_nano.a(lib_a-memset.o)
                0x00001e1e                memset
 .text          0x00001e2e       0x14 c:/program files (x86)/cypress/psoc creator/4.4/psoc creator/import/gnu/arm/5.4.1/bin/../lib/gcc/arm-none-eabi/5.4.1/../../../../arm-none-eabi/lib/armv7-m\libg_nano.a(lib_a-strcmp.o)
                0x00001e2e                strcmp
 *(.plt)
 *(.gnu.warning)
 *(.glue_7t)
 .glue_7t       0x00001e42        0x0 linker stubs
 *(.glue_7)
 .glue_7        0x00001e42        0x0 linker stubs
 *(.vfp11_veneer)
 .vfp11_veneer  0x00001e42        0x0 linker stubs
 *(.bootloader)
 *(.ARM.extab* .gnu.linkonce.armextab.*)
 *(.gcc_except_table)

.v4_bx          0x00001e44        0x0
 .v4_bx         0x00001e44        0x0 linker stubs

.iplt           0x00001e44        0x0
 .iplt          0x00001e44        0x0 c:/program files (x86)/cypress/psoc creator/4.4/psoc creator/import/gnu/arm/5.4.1/bin/../lib/gcc/arm-none-eabi/5.4.1/armv7-m/crtbegin.o

.eh_frame_hdr
 *(.eh_frame_hdr)

.eh_frame       0x00001e44        0x4
 *(.eh_frame)
 .eh_frame      0x00001e44        0x0 c:/program files (x86)/cypress/psoc creator/4.4/psoc creator/import/gnu/arm/5.4.1/bin/../lib/gcc/arm-none-eabi/5.4.1/armv7-m/crtbegin.o
 .eh_frame      0x00001e44        0x4 c:/program files (x86)/cypress/psoc creator/4.4/psoc creator/import/gnu/arm/5.4.1/bin/../lib/gcc/arm-none-eabi/5.4.1/armv7-m/crtend.o
                [!provide]                PROVIDE (__exidx_start, .)

.ARM.exidx
 *(.ARM.exidx* .gnu.linkonce.armexidx.*)
                0x00001e48                __exidx_end = .

.rodata         0x00001e48      0x260
 *(.rodata .rodata.* .gnu.linkonce.r.*)
 .rodata.str1.4
                0x00001e48       0x86 .\CortexM3\ARM_GCC_541\Debug\main.o
 *fill*         0x00001ece        0x2 
 .rodata        0x00001ed0       0x30 .\CortexM3\ARM_GCC_541\Debug\cyfitter_cfg.o
 .rodata.str1.4
                0x00001f00       0x14 .\CortexM3\ARM_GCC_541\Debug\combintional_lock.a(USBUART_std.o)
                                 0x11 (size before relaxing)
 .rodata        0x00001f14      0x15e .\CortexM3\ARM_GCC_541\Debug\combintional_lock.a(USBUART_descr.o)
                0x00001f14                USBUART_TABLE
                0x00001f1c                USBUART_DEVICE0_TABLE
                0x00001f34                USBUART_DEVICE0_CONFIGURATION0_TABLE
                0x00001f5c                USBUART_DEVICE0_CONFIGURATION0_INTERFACE_CLASS
                0x00001f60                USBUART_DEVICE0_CONFIGURATION0_EP_SETTINGS_TABLE
                0x00001f78                USBUART_SN_STRING_DESCRIPTOR
                0x00001f7c                USBUART_STRING_DESCRIPTORS
                0x0000201c                USBUART_DEVICE0_CONFIGURATION0_DESCR
                0x00002060                USBUART_DEVICE0_DESCR
 .rodata.str1.1
                0x00002072        0x2 c:/program files (x86)/cypress/psoc creator/4.4/psoc creator/import/gnu/arm/5.4.1/bin/../lib/gcc/arm-none-eabi/5.4.1/../../../../arm-none-eabi/lib/armv7-m\libg_nano.a(lib_a-impure.o)
                0x00002074                . = ALIGN (0x4)
 *(.init)
 .init          0x00002074        0x4 c:/program files (x86)/cypress/psoc creator/4.4/psoc creator/import/gnu/arm/5.4.1/bin/../lib/gcc/arm-none-eabi/5.4.1/armv7-m/crti.o
                0x00002074                _init
 .init          0x00002078        0x8 c:/program files (x86)/cypress/psoc creator/4.4/psoc creator/import/gnu/arm/5.4.1/bin/../lib/gcc/arm-none-eabi/5.4.1/armv7-m/crtn.o
                0x00002080                . = ALIGN (0x4)
                0x00002080                __preinit_array_start = .
 *(.preinit_array)
                0x00002080                __preinit_array_end = .
                0x00002080                . = ALIGN (0x4)
                0x00002080                __init_array_start = .
 *(SORT(.init_array.*))
 *(.init_array)
 .init_array    0x00002080        0x4 c:/program files (x86)/cypress/psoc creator/4.4/psoc creator/import/gnu/arm/5.4.1/bin/../lib/gcc/arm-none-eabi/5.4.1/armv7-m/crtbegin.o
 .init_array    0x00002084        0x4 .\CortexM3\ARM_GCC_541\Debug\Cm3Start.o
                0x00002088                __init_array_end = .
                0x00002088                . = ALIGN (0x4)
 *(.fini)
 .fini          0x00002088        0x4 c:/program files (x86)/cypress/psoc creator/4.4/psoc creator/import/gnu/arm/5.4.1/bin/../lib/gcc/arm-none-eabi/5.4.1/armv7-m/crti.o
                0x00002088                _fini
 .fini          0x0000208c        0x8 c:/program files (x86)/cypress/psoc creator/4.4/psoc creator/import/gnu/arm/5.4.1/bin/../lib/gcc/arm-none-eabi/5.4.1/armv7-m/crtn.o
                0x00002094                . = ALIGN (0x4)
                0x00002094                __fini_array_start = .
 *(.fini_array)
 .fini_array    0x00002094        0x4 c:/program files (x86)/cypress/psoc creator/4.4/psoc creator/import/gnu/arm/5.4.1/bin/../lib/gcc/arm-none-eabi/5.4.1/armv7-m/crtbegin.o
 *(SORT(.fini_array.*))
                0x00002098                __fini_array_end = .
                0x00002098                . = ALIGN (0x4)
 *crtbegin.o(.ctors)
 *(EXCLUDE_FILE(*crtend.o) .ctors)
 *(SORT(.ctors.*))
 *crtend.o(.ctors)
                0x00002098                . = ALIGN (0x4)
 *crtbegin.o(.dtors)
 *(EXCLUDE_FILE(*crtend.o) .dtors)
 *(SORT(.dtors.*))
 *crtend.o(.dtors)
                0x00002098                . = ALIGN (0x4)
                0x00002098                __cy_regions = .
                0x00002098        0x4 LONG 0x20a8 __cy_region_init_ram
                0x0000209c        0x4 LONG 0x1fff80c8 __cy_region_start_data
                0x000020a0        0x4 LONG 0xa8 __cy_region_init_size_ram
                0x000020a4        0x4 LONG 0x100 __cy_region_zero_size_ram
                0x000020a8                __cy_regions_end = .
                0x000020a8                . = ALIGN (0x8)
                0x000020a8                _etext = .

.cy_checksum_exclude
                0x000020a8        0x0
 *(.cy_checksum_exclude)

.ramvectors     0x1fff8000       0xc0
                0x1fff8000                __cy_region_start_ram = .
 *(.ramvectors)
 .ramvectors    0x1fff8000       0xc0 .\CortexM3\ARM_GCC_541\Debug\Cm3Start.o
                0x1fff8000                CyRamVectors

.noinit         0x1fff80c0        0x1
 *(.noinit)
 .noinit        0x1fff80c0        0x1 .\CortexM3\ARM_GCC_541\Debug\combintional_lock.a(CyLib.o)
                0x1fff80c0                CyResetStatus

.data           0x1fff80c8       0xa8 load address 0x000020a8
                0x1fff80c8                __cy_region_start_data = .
 *(.jcr)
 .jcr           0x1fff80c8        0x0 c:/program files (x86)/cypress/psoc creator/4.4/psoc creator/import/gnu/arm/5.4.1/bin/../lib/gcc/arm-none-eabi/5.4.1/armv7-m/crtbegin.o
 .jcr           0x1fff80c8        0x4 c:/program files (x86)/cypress/psoc creator/4.4/psoc creator/import/gnu/arm/5.4.1/bin/../lib/gcc/arm-none-eabi/5.4.1/armv7-m/crtend.o
 *(.got.plt)
 *(.got)
 *(.shdata)
 *(.data .data.* .gnu.linkonce.d.*)
 .data          0x1fff80cc        0xe .\CortexM3\ARM_GCC_541\Debug\main.o
                0x1fff80cc                setPassword
                0x1fff80d4                Password
 *fill*         0x1fff80da        0x2 
 .data          0x1fff80dc       0x10 .\CortexM3\ARM_GCC_541\Debug\combintional_lock.a(CyLib.o)
                0x1fff80dc                cydelay_32k_ms
                0x1fff80e0                cydelay_freq_khz
                0x1fff80e4                cydelay_freq_mhz
                0x1fff80e8                cydelay_freq_hz
 .data          0x1fff80ec       0x1a .\CortexM3\ARM_GCC_541\Debug\combintional_lock.a(USBUART_cdc.o)
                0x1fff80ec                USBUART_linesCoding
 *fill*         0x1fff8106        0x2 
 .data.impure_data
                0x1fff8108       0x60 c:/program files (x86)/cypress/psoc creator/4.4/psoc creator/import/gnu/arm/5.4.1/bin/../lib/gcc/arm-none-eabi/5.4.1/../../../../arm-none-eabi/lib/armv7-m\libg_nano.a(lib_a-impure.o)
 .data._impure_ptr
                0x1fff8168        0x4 c:/program files (x86)/cypress/psoc creator/4.4/psoc creator/import/gnu/arm/5.4.1/bin/../lib/gcc/arm-none-eabi/5.4.1/../../../../arm-none-eabi/lib/armv7-m\libg_nano.a(lib_a-impure.o)
                0x1fff8168                _impure_ptr
                0x1fff8170                . = ALIGN (0x8)
 *fill*         0x1fff816c        0x4 
 *(.ram)
                0x1fff8170                _edata = .

.igot.plt       0x1fff8170        0x0 load address 0x00002150
 .igot.plt      0x1fff8170        0x0 c:/program files (x86)/cypress/psoc creator/4.4/psoc creator/import/gnu/arm/5.4.1/bin/../lib/gcc/arm-none-eabi/5.4.1/armv7-m/crtbegin.o

.bss            0x1fff8170      0x100 load address 0x00002150
                0x1fff8170                PROVIDE (__bss_start__, .)
 *(.shbss)
 *(.bss .bss.* .gnu.linkonce.b.*)
 .bss           0x1fff8170       0x1c c:/program files (x86)/cypress/psoc creator/4.4/psoc creator/import/gnu/arm/5.4.1/bin/../lib/gcc/arm-none-eabi/5.4.1/armv7-m/crtbegin.o
 .bss           0x1fff818c        0x6 .\CortexM3\ARM_GCC_541\Debug\main.o
                0x1fff818c                receivedPassword
 .bss           0x1fff8192        0x1 .\CortexM3\ARM_GCC_541\Debug\combintional_lock.a(USBUART.o)
                0x1fff8192                USBUART_initVar
 .bss           0x1fff8193        0x1 .\CortexM3\ARM_GCC_541\Debug\combintional_lock.a(USBUART_cdc.o)
 .bss           0x1fff8194        0x2 .\CortexM3\ARM_GCC_541\Debug\combintional_lock.a(USBUART_std.o)
 .bss           0x1fff8196        0x2 .\CortexM3\ARM_GCC_541\Debug\combintional_lock.a(LCD.o)
                0x1fff8196                LCD_enableState
                0x1fff8197                LCD_initVar
 *(COMMON)
 COMMON         0x1fff8198       0x18 .\CortexM3\ARM_GCC_541\Debug\combintional_lock.a(USBUART_cdc.o)
                0x1fff8198                USBUART_linesChanged
                0x1fff819c                USBUART_cdcDataInEp
                0x1fff81a0                USBUART_cdcCommInInterruptEp
                0x1fff81a4                USBUART_cdcDataOutEp
                0x1fff81a8                USBUART_serialStateBitmap
                0x1fff81ac                USBUART_linesControlBitmap
 COMMON         0x1fff81b0       0x9a .\CortexM3\ARM_GCC_541\Debug\combintional_lock.a(USBUART_drv.o)
                0x1fff81b0                USBUART_lastPacketSize
                0x1fff81b1                USBUART_device
                0x1fff81b2                USBUART_transferByteCount
                0x1fff81b4                USBUART_transferState
                0x1fff81b8                USBUART_interfaceSettingLast
                0x1fff81bc                USBUART_currentTD
                0x1fff81c8                USBUART_interfaceNumber
                0x1fff81cc                USBUART_interfaceClass
                0x1fff81d0                USBUART_configurationChanged
                0x1fff81d1                USBUART_ep0Mode
                0x1fff81d2                USBUART_deviceAddress
                0x1fff81d3                USBUART_configuration
                0x1fff81d4                USBUART_ep0Count
                0x1fff81d5                USBUART_deviceStatus
                0x1fff81d8                USBUART_EP
                0x1fff8244                USBUART_interfaceSetting
                0x1fff8246                USBUART_ep0Toggle
                0x1fff8248                USBUART_interfaceStatus
 *fill*         0x1fff824a        0x2 
 COMMON         0x1fff824c       0x22 .\CortexM3\ARM_GCC_541\Debug\combintional_lock.a(USBUART_descr.o)
                0x1fff824c                USBUART_idSerialNumberStringDescriptor
                0x1fff8270                . = ALIGN (0x8)
 *fill*         0x1fff826e        0x2 
 *(.ram.b)
                0x1fff8270                _end = .
                0x1fff8270                __end = .
                0x1fff8270                PROVIDE (end, .)
                0x1fff8270                PROVIDE (__bss_end__, .)
                0x000020a8                __cy_region_init_ram = LOADADDR (.data)
                0x000000a8                __cy_region_init_size_ram = (_edata - ADDR (.data))
                0x00000100                __cy_region_zero_size_ram = (_end - _edata)

.heap           0x1fff8270       0x80 load address 0x00002150
                0x1fff8270                . = _end
                0x1fff82f0                . = (. + 0x80)
 *fill*         0x1fff8270       0x80 
                0x1fff82f0                __cy_heap_limit = .

.stack          0x20007800      0x800
                0x20007800                __cy_stack_limit = .
                0x20008000                . = (. + 0x800)
 *fill*         0x20007800      0x800 
                0x00000001                ASSERT ((__cy_stack_limit >= __cy_heap_limit), region RAM overflowed with stack)
                0x00000000                cy_checksum_exclude_size = (CY_APPL_LOADABLE == 0x1)?SIZEOF (.cy_checksum_exclude):0x0
                0x00000001                ASSERT ((cy_checksum_exclude_size <= CY_CHECKSUM_EXCLUDE_SIZE), CY_BOOT: Section .cy_checksum_exclude size exceedes specified limit.)

.cyloadermeta
 *(.cyloadermeta)

.cyloadablemeta
 *(.cyloadablemeta)

.cyconfigecc    0x80000000       0x90
 *(.cyconfigecc)
 .cyconfigecc   0x80000000       0x90 .\CortexM3\ARM_GCC_541\Debug\cymetadata.o
                0x80000000                cy_meta_configecc

.cycustnvl      0x90000000        0x4
 *(.cycustnvl)
 .cycustnvl     0x90000000        0x4 .\CortexM3\ARM_GCC_541\Debug\cymetadata.o
                0x90000000                cy_meta_custnvl

.cywolatch      0x90100000        0x4
 *(.cywolatch)
 .cywolatch     0x90100000        0x4 .\CortexM3\ARM_GCC_541\Debug\cymetadata.o
                0x90100000                cy_meta_wonvl

.cyeeprom       0x90200000        0x0
 *(.cyeeprom)
                0x00000001                ASSERT ((. <= ((0x90200000 + ee_offset) + ee_size)), .cyeeprom data will not fit in EEPROM)

.cyflashprotect
                0x90400000      0x100
 *(.cyflashprotect)
 .cyflashprotect
                0x90400000      0x100 .\CortexM3\ARM_GCC_541\Debug\cymetadata.o
                0x90400000                cy_meta_flashprotect

.cymeta         0x90500000        0xc
 *(.cymeta)
 .cymeta        0x90500000        0xc .\CortexM3\ARM_GCC_541\Debug\cymetadata.o
                0x90500000                cy_metadata

.rel.dyn        0x00002150        0x0 load address 0x9050000c
 .rel.iplt      0x00002150        0x0 c:/program files (x86)/cypress/psoc creator/4.4/psoc creator/import/gnu/arm/5.4.1/bin/../lib/gcc/arm-none-eabi/5.4.1/armv7-m/crtbegin.o

.stab
 *(.stab)

.stabstr
 *(.stabstr)

.debug
 *(.debug)

.line
 *(.line)

.debug_srcinfo
 *(.debug_srcinfo)

.debug_sfnames
 *(.debug_sfnames)

.debug_aranges  0x00000000      0xa30
 *(.debug_aranges)
 .debug_aranges
                0x00000000       0x28 .\CortexM3\ARM_GCC_541\Debug\main.o
 .debug_aranges
                0x00000028       0x58 .\CortexM3\ARM_GCC_541\Debug\cyfitter_cfg.o
 .debug_aranges
                0x00000080       0x18 .\CortexM3\ARM_GCC_541\Debug\cymetadata.o
 .debug_aranges
                0x00000098       0x48 .\CortexM3\ARM_GCC_541\Debug\Cm3Start.o
 .debug_aranges
                0x000000e0      0x2a0 .\CortexM3\ARM_GCC_541\Debug\combintional_lock.a(CyLib.o)
 .debug_aranges
                0x00000380       0x98 .\CortexM3\ARM_GCC_541\Debug\combintional_lock.a(cyPm.o)
 .debug_aranges
                0x00000418       0xc8 .\CortexM3\ARM_GCC_541\Debug\combintional_lock.a(USBUART.o)
 .debug_aranges
                0x000004e0       0xe8 .\CortexM3\ARM_GCC_541\Debug\combintional_lock.a(USBUART_cdc.o)
 .debug_aranges
                0x000005c8       0x98 .\CortexM3\ARM_GCC_541\Debug\combintional_lock.a(USBUART_drv.o)
 .debug_aranges
                0x00000660       0x40 .\CortexM3\ARM_GCC_541\Debug\combintional_lock.a(USBUART_episr.o)
 .debug_aranges
                0x000006a0       0x40 .\CortexM3\ARM_GCC_541\Debug\combintional_lock.a(USBUART_pm.o)
 .debug_aranges
                0x000006e0       0x80 .\CortexM3\ARM_GCC_541\Debug\combintional_lock.a(USBUART_std.o)
 .debug_aranges
                0x00000760       0x20 .\CortexM3\ARM_GCC_541\Debug\combintional_lock.a(USBUART_vnd.o)
 .debug_aranges
                0x00000780       0x48 .\CortexM3\ARM_GCC_541\Debug\combintional_lock.a(USBUART_Dp.o)
 .debug_aranges
                0x000007c8       0x98 .\CortexM3\ARM_GCC_541\Debug\combintional_lock.a(LCD.o)
 .debug_aranges
                0x00000860       0x38 .\CortexM3\ARM_GCC_541\Debug\combintional_lock.a(Pin_1.o)
 .debug_aranges
                0x00000898       0x38 .\CortexM3\ARM_GCC_541\Debug\combintional_lock.a(Pin_2.o)
 .debug_aranges
                0x000008d0       0x20 .\CortexM3\ARM_GCC_541\Debug\combintional_lock.a(CyBootAsmGnu.o)
 .debug_aranges
                0x000008f0       0x88 .\CortexM3\ARM_GCC_541\Debug\combintional_lock.a(CyFlash.o)
 .debug_aranges
                0x00000978       0x80 .\CortexM3\ARM_GCC_541\Debug\combintional_lock.a(CySpc.o)
 .debug_aranges
                0x000009f8       0x20 .\CortexM3\ARM_GCC_541\Debug\combintional_lock.a(USBUART_cls.o)
 .debug_aranges
                0x00000a18       0x18 .\CortexM3\ARM_GCC_541\Debug\combintional_lock.a(USBUART_descr.o)

.debug_pubnames
 *(.debug_pubnames)

.debug_info     0x00000000     0x749e
 *(.debug_info .gnu.linkonce.wi.*)
 .debug_info    0x00000000      0x55a .\CortexM3\ARM_GCC_541\Debug\main.o
 .debug_info    0x0000055a      0x506 .\CortexM3\ARM_GCC_541\Debug\cyfitter_cfg.o
 .debug_info    0x00000a60      0x134 .\CortexM3\ARM_GCC_541\Debug\cymetadata.o
 .debug_info    0x00000b94      0x3bb .\CortexM3\ARM_GCC_541\Debug\Cm3Start.o
 .debug_info    0x00000f4f     0x1374 .\CortexM3\ARM_GCC_541\Debug\combintional_lock.a(CyLib.o)
 .debug_info    0x000022c3      0xa2a .\CortexM3\ARM_GCC_541\Debug\combintional_lock.a(cyPm.o)
 .debug_info    0x00002ced      0x995 .\CortexM3\ARM_GCC_541\Debug\combintional_lock.a(USBUART.o)
 .debug_info    0x00003682      0xaf7 .\CortexM3\ARM_GCC_541\Debug\combintional_lock.a(USBUART_cdc.o)
 .debug_info    0x00004179      0x655 .\CortexM3\ARM_GCC_541\Debug\combintional_lock.a(USBUART_drv.o)
 .debug_info    0x000047ce      0x254 .\CortexM3\ARM_GCC_541\Debug\combintional_lock.a(USBUART_episr.o)
 .debug_info    0x00004a22      0x2e4 .\CortexM3\ARM_GCC_541\Debug\combintional_lock.a(USBUART_pm.o)
 .debug_info    0x00004d06      0xb26 .\CortexM3\ARM_GCC_541\Debug\combintional_lock.a(USBUART_std.o)
 .debug_info    0x0000582c       0xed .\CortexM3\ARM_GCC_541\Debug\combintional_lock.a(USBUART_vnd.o)
 .debug_info    0x00005919      0x174 .\CortexM3\ARM_GCC_541\Debug\combintional_lock.a(USBUART_Dp.o)
 .debug_info    0x00005a8d      0x715 .\CortexM3\ARM_GCC_541\Debug\combintional_lock.a(LCD.o)
 .debug_info    0x000061a2      0x11f .\CortexM3\ARM_GCC_541\Debug\combintional_lock.a(Pin_1.o)
 .debug_info    0x000062c1      0x11f .\CortexM3\ARM_GCC_541\Debug\combintional_lock.a(Pin_2.o)
 .debug_info    0x000063e0       0xa0 .\CortexM3\ARM_GCC_541\Debug\combintional_lock.a(CyBootAsmGnu.o)
 .debug_info    0x00006480      0x64d .\CortexM3\ARM_GCC_541\Debug\combintional_lock.a(CyFlash.o)
 .debug_info    0x00006acd      0x550 .\CortexM3\ARM_GCC_541\Debug\combintional_lock.a(CySpc.o)
 .debug_info    0x0000701d      0x1de .\CortexM3\ARM_GCC_541\Debug\combintional_lock.a(USBUART_cls.o)
 .debug_info    0x000071fb      0x2a3 .\CortexM3\ARM_GCC_541\Debug\combintional_lock.a(USBUART_descr.o)

.debug_abbrev   0x00000000     0x1c06
 *(.debug_abbrev)
 .debug_abbrev  0x00000000      0x12e .\CortexM3\ARM_GCC_541\Debug\main.o
 .debug_abbrev  0x0000012e      0x1fe .\CortexM3\ARM_GCC_541\Debug\cyfitter_cfg.o
 .debug_abbrev  0x0000032c       0x5d .\CortexM3\ARM_GCC_541\Debug\cymetadata.o
 .debug_abbrev  0x00000389      0x1e8 .\CortexM3\ARM_GCC_541\Debug\Cm3Start.o
 .debug_abbrev  0x00000571      0x254 .\CortexM3\ARM_GCC_541\Debug\combintional_lock.a(CyLib.o)
 .debug_abbrev  0x000007c5      0x1ab .\CortexM3\ARM_GCC_541\Debug\combintional_lock.a(cyPm.o)
 .debug_abbrev  0x00000970      0x215 .\CortexM3\ARM_GCC_541\Debug\combintional_lock.a(USBUART.o)
 .debug_abbrev  0x00000b85      0x245 .\CortexM3\ARM_GCC_541\Debug\combintional_lock.a(USBUART_cdc.o)
 .debug_abbrev  0x00000dca      0x189 .\CortexM3\ARM_GCC_541\Debug\combintional_lock.a(USBUART_drv.o)
 .debug_abbrev  0x00000f53      0x11b .\CortexM3\ARM_GCC_541\Debug\combintional_lock.a(USBUART_episr.o)
 .debug_abbrev  0x0000106e      0x108 .\CortexM3\ARM_GCC_541\Debug\combintional_lock.a(USBUART_pm.o)
 .debug_abbrev  0x00001176      0x20a .\CortexM3\ARM_GCC_541\Debug\combintional_lock.a(USBUART_std.o)
 .debug_abbrev  0x00001380       0x9b .\CortexM3\ARM_GCC_541\Debug\combintional_lock.a(USBUART_vnd.o)
 .debug_abbrev  0x0000141b       0x90 .\CortexM3\ARM_GCC_541\Debug\combintional_lock.a(USBUART_Dp.o)
 .debug_abbrev  0x000014ab      0x157 .\CortexM3\ARM_GCC_541\Debug\combintional_lock.a(LCD.o)
 .debug_abbrev  0x00001602       0x90 .\CortexM3\ARM_GCC_541\Debug\combintional_lock.a(Pin_1.o)
 .debug_abbrev  0x00001692       0x90 .\CortexM3\ARM_GCC_541\Debug\combintional_lock.a(Pin_2.o)
 .debug_abbrev  0x00001722       0x14 .\CortexM3\ARM_GCC_541\Debug\combintional_lock.a(CyBootAsmGnu.o)
 .debug_abbrev  0x00001736      0x1a7 .\CortexM3\ARM_GCC_541\Debug\combintional_lock.a(CyFlash.o)
 .debug_abbrev  0x000018dd      0x194 .\CortexM3\ARM_GCC_541\Debug\combintional_lock.a(CySpc.o)
 .debug_abbrev  0x00001a71       0xe1 .\CortexM3\ARM_GCC_541\Debug\combintional_lock.a(USBUART_cls.o)
 .debug_abbrev  0x00001b52       0xb4 .\CortexM3\ARM_GCC_541\Debug\combintional_lock.a(USBUART_descr.o)

.debug_line     0x00000000     0x2b0e
 *(.debug_line)
 .debug_line    0x00000000      0x267 .\CortexM3\ARM_GCC_541\Debug\main.o
 .debug_line    0x00000267      0x1ec .\CortexM3\ARM_GCC_541\Debug\cyfitter_cfg.o
 .debug_line    0x00000453      0x141 .\CortexM3\ARM_GCC_541\Debug\cymetadata.o
 .debug_line    0x00000594      0x234 .\CortexM3\ARM_GCC_541\Debug\Cm3Start.o
 .debug_line    0x000007c8      0x816 .\CortexM3\ARM_GCC_541\Debug\combintional_lock.a(CyLib.o)
 .debug_line    0x00000fde      0x367 .\CortexM3\ARM_GCC_541\Debug\combintional_lock.a(cyPm.o)
 .debug_line    0x00001345      0x2dc .\CortexM3\ARM_GCC_541\Debug\combintional_lock.a(USBUART.o)
 .debug_line    0x00001621      0x2f2 .\CortexM3\ARM_GCC_541\Debug\combintional_lock.a(USBUART_cdc.o)
 .debug_line    0x00001913      0x221 .\CortexM3\ARM_GCC_541\Debug\combintional_lock.a(USBUART_drv.o)
 .debug_line    0x00001b34       0xe6 .\CortexM3\ARM_GCC_541\Debug\combintional_lock.a(USBUART_episr.o)
 .debug_line    0x00001c1a      0x10e .\CortexM3\ARM_GCC_541\Debug\combintional_lock.a(USBUART_pm.o)
 .debug_line    0x00001d28      0x3e2 .\CortexM3\ARM_GCC_541\Debug\combintional_lock.a(USBUART_std.o)
 .debug_line    0x0000210a       0x73 .\CortexM3\ARM_GCC_541\Debug\combintional_lock.a(USBUART_vnd.o)
 .debug_line    0x0000217d       0xbb .\CortexM3\ARM_GCC_541\Debug\combintional_lock.a(USBUART_Dp.o)
 .debug_line    0x00002238      0x1dc .\CortexM3\ARM_GCC_541\Debug\combintional_lock.a(LCD.o)
 .debug_line    0x00002414       0x92 .\CortexM3\ARM_GCC_541\Debug\combintional_lock.a(Pin_1.o)
 .debug_line    0x000024a6       0x92 .\CortexM3\ARM_GCC_541\Debug\combintional_lock.a(Pin_2.o)
 .debug_line    0x00002538       0x66 .\CortexM3\ARM_GCC_541\Debug\combintional_lock.a(CyBootAsmGnu.o)
 .debug_line    0x0000259e      0x21a .\CortexM3\ARM_GCC_541\Debug\combintional_lock.a(CyFlash.o)
 .debug_line    0x000027b8      0x260 .\CortexM3\ARM_GCC_541\Debug\combintional_lock.a(CySpc.o)
 .debug_line    0x00002a18       0x95 .\CortexM3\ARM_GCC_541\Debug\combintional_lock.a(USBUART_cls.o)
 .debug_line    0x00002aad       0x61 .\CortexM3\ARM_GCC_541\Debug\combintional_lock.a(USBUART_descr.o)

.debug_frame    0x00000000     0x1ac0
 *(.debug_frame)
 .debug_frame   0x00000000       0x4c .\CortexM3\ARM_GCC_541\Debug\main.o
 .debug_frame   0x0000004c       0xe4 .\CortexM3\ARM_GCC_541\Debug\cyfitter_cfg.o
 .debug_frame   0x00000130       0xb8 .\CortexM3\ARM_GCC_541\Debug\Cm3Start.o
 .debug_frame   0x000001e8      0x738 .\CortexM3\ARM_GCC_541\Debug\combintional_lock.a(CyLib.o)
 .debug_frame   0x00000920      0x1f8 .\CortexM3\ARM_GCC_541\Debug\combintional_lock.a(cyPm.o)
 .debug_frame   0x00000b18      0x1dc .\CortexM3\ARM_GCC_541\Debug\combintional_lock.a(USBUART.o)
 .debug_frame   0x00000cf4      0x27c .\CortexM3\ARM_GCC_541\Debug\combintional_lock.a(USBUART_cdc.o)
 .debug_frame   0x00000f70      0x194 .\CortexM3\ARM_GCC_541\Debug\combintional_lock.a(USBUART_drv.o)
 .debug_frame   0x00001104       0x6c .\CortexM3\ARM_GCC_541\Debug\combintional_lock.a(USBUART_episr.o)
 .debug_frame   0x00001170       0xa0 .\CortexM3\ARM_GCC_541\Debug\combintional_lock.a(USBUART_pm.o)
 .debug_frame   0x00001210      0x17c .\CortexM3\ARM_GCC_541\Debug\combintional_lock.a(USBUART_std.o)
 .debug_frame   0x0000138c       0x20 .\CortexM3\ARM_GCC_541\Debug\combintional_lock.a(USBUART_vnd.o)
 .debug_frame   0x000013ac       0x70 .\CortexM3\ARM_GCC_541\Debug\combintional_lock.a(USBUART_Dp.o)
 .debug_frame   0x0000141c      0x1e8 .\CortexM3\ARM_GCC_541\Debug\combintional_lock.a(LCD.o)
 .debug_frame   0x00001604       0x50 .\CortexM3\ARM_GCC_541\Debug\combintional_lock.a(Pin_1.o)
 .debug_frame   0x00001654       0x50 .\CortexM3\ARM_GCC_541\Debug\combintional_lock.a(Pin_2.o)
 .debug_frame   0x000016a4      0x194 .\CortexM3\ARM_GCC_541\Debug\combintional_lock.a(CyFlash.o)
 .debug_frame   0x00001838      0x180 .\CortexM3\ARM_GCC_541\Debug\combintional_lock.a(CySpc.o)
 .debug_frame   0x000019b8       0x2c .\CortexM3\ARM_GCC_541\Debug\combintional_lock.a(USBUART_cls.o)
 .debug_frame   0x000019e4       0x20 c:/program files (x86)/cypress/psoc creator/4.4/psoc creator/import/gnu/arm/5.4.1/bin/../lib/gcc/arm-none-eabi/5.4.1/../../../../arm-none-eabi/lib/armv7-m\libg_nano.a(lib_a-errno.o)
 .debug_frame   0x00001a04       0x28 c:/program files (x86)/cypress/psoc creator/4.4/psoc creator/import/gnu/arm/5.4.1/bin/../lib/gcc/arm-none-eabi/5.4.1/../../../../arm-none-eabi/lib/armv7-m\libg_nano.a(lib_a-exit.o)
 .debug_frame   0x00001a2c       0x2c c:/program files (x86)/cypress/psoc creator/4.4/psoc creator/import/gnu/arm/5.4.1/bin/../lib/gcc/arm-none-eabi/5.4.1/../../../../arm-none-eabi/lib/armv7-m\libg_nano.a(lib_a-init.o)
 .debug_frame   0x00001a58       0x28 c:/program files (x86)/cypress/psoc creator/4.4/psoc creator/import/gnu/arm/5.4.1/bin/../lib/gcc/arm-none-eabi/5.4.1/../../../../arm-none-eabi/lib/armv7-m\libg_nano.a(lib_a-memcpy-stub.o)
 .debug_frame   0x00001a80       0x20 c:/program files (x86)/cypress/psoc creator/4.4/psoc creator/import/gnu/arm/5.4.1/bin/../lib/gcc/arm-none-eabi/5.4.1/../../../../arm-none-eabi/lib/armv7-m\libg_nano.a(lib_a-memset.o)
 .debug_frame   0x00001aa0       0x20 c:/program files (x86)/cypress/psoc creator/4.4/psoc creator/import/gnu/arm/5.4.1/bin/../lib/gcc/arm-none-eabi/5.4.1/../../../../arm-none-eabi/lib/armv7-m\libg_nano.a(lib_a-strcmp.o)

.debug_str      0x00000000     0x26b8
 *(.debug_str)
 .debug_str     0x00000000      0x2c2 .\CortexM3\ARM_GCC_541\Debug\main.o
                                0x313 (size before relaxing)
 .debug_str     0x000002c2      0x174 .\CortexM3\ARM_GCC_541\Debug\cyfitter_cfg.o
                                0x31f (size before relaxing)
 .debug_str     0x00000436       0x7f .\CortexM3\ARM_GCC_541\Debug\cymetadata.o
                                0x1f4 (size before relaxing)
 .debug_str     0x000004b5      0x144 .\CortexM3\ARM_GCC_541\Debug\Cm3Start.o
                                0x31a (size before relaxing)
 .debug_str     0x000005f9      0x84c .\CortexM3\ARM_GCC_541\Debug\combintional_lock.a(CyLib.o)
                                0xa57 (size before relaxing)
 .debug_str     0x00000e45      0x365 .\CortexM3\ARM_GCC_541\Debug\combintional_lock.a(cyPm.o)
                                0x743 (size before relaxing)
 .debug_str     0x000011aa      0x403 .\CortexM3\ARM_GCC_541\Debug\combintional_lock.a(USBUART.o)
                                0x67a (size before relaxing)
 .debug_str     0x000015ad      0x4d4 .\CortexM3\ARM_GCC_541\Debug\combintional_lock.a(USBUART_cdc.o)
                                0x7e1 (size before relaxing)
 .debug_str     0x00001a81      0x291 .\CortexM3\ARM_GCC_541\Debug\combintional_lock.a(USBUART_drv.o)
                                0x658 (size before relaxing)
 .debug_str     0x00001d12       0x80 .\CortexM3\ARM_GCC_541\Debug\combintional_lock.a(USBUART_episr.o)
                                0x2ef (size before relaxing)
 .debug_str     0x00001d92       0xc6 .\CortexM3\ARM_GCC_541\Debug\combintional_lock.a(USBUART_pm.o)
                                0x300 (size before relaxing)
 .debug_str     0x00001e58      0x259 .\CortexM3\ARM_GCC_541\Debug\combintional_lock.a(USBUART_std.o)
                                0x7c7 (size before relaxing)
 .debug_str     0x000020b1       0x25 .\CortexM3\ARM_GCC_541\Debug\combintional_lock.a(USBUART_vnd.o)
                                0x1fd (size before relaxing)
 .debug_str     0x000020d6       0xa4 .\CortexM3\ARM_GCC_541\Debug\combintional_lock.a(USBUART_Dp.o)
                                0x251 (size before relaxing)
 .debug_str     0x0000217a      0x117 .\CortexM3\ARM_GCC_541\Debug\combintional_lock.a(LCD.o)
                                0x33b (size before relaxing)
 .debug_str     0x00002291       0x4f .\CortexM3\ARM_GCC_541\Debug\combintional_lock.a(Pin_1.o)
                                0x1f2 (size before relaxing)
 .debug_str     0x000022e0       0x4f .\CortexM3\ARM_GCC_541\Debug\combintional_lock.a(Pin_2.o)
                                0x1f2 (size before relaxing)
 .debug_str     0x0000232f      0x1b4 .\CortexM3\ARM_GCC_541\Debug\combintional_lock.a(CyFlash.o)
                                0x3d0 (size before relaxing)
 .debug_str     0x000024e3       0xac .\CortexM3\ARM_GCC_541\Debug\combintional_lock.a(CySpc.o)
                                0x348 (size before relaxing)
 .debug_str     0x0000258f       0x25 .\CortexM3\ARM_GCC_541\Debug\combintional_lock.a(USBUART_cls.o)
                                0x2bc (size before relaxing)
 .debug_str     0x000025b4      0x104 .\CortexM3\ARM_GCC_541\Debug\combintional_lock.a(USBUART_descr.o)
                                0x369 (size before relaxing)

.debug_loc      0x00000000     0x3374
 *(.debug_loc)
 .debug_loc     0x00000000       0x48 .\CortexM3\ARM_GCC_541\Debug\main.o
 .debug_loc     0x00000048      0x1f0 .\CortexM3\ARM_GCC_541\Debug\cyfitter_cfg.o
 .debug_loc     0x00000238      0x144 .\CortexM3\ARM_GCC_541\Debug\Cm3Start.o
 .debug_loc     0x0000037c      0xa11 .\CortexM3\ARM_GCC_541\Debug\combintional_lock.a(CyLib.o)
 .debug_loc     0x00000d8d      0x1e4 .\CortexM3\ARM_GCC_541\Debug\combintional_lock.a(cyPm.o)
 .debug_loc     0x00000f71      0x3e1 .\CortexM3\ARM_GCC_541\Debug\combintional_lock.a(USBUART.o)
 .debug_loc     0x00001352      0x557 .\CortexM3\ARM_GCC_541\Debug\combintional_lock.a(USBUART_cdc.o)
 .debug_loc     0x000018a9      0x171 .\CortexM3\ARM_GCC_541\Debug\combintional_lock.a(USBUART_drv.o)
 .debug_loc     0x00001a1a       0x26 .\CortexM3\ARM_GCC_541\Debug\combintional_lock.a(USBUART_pm.o)
 .debug_loc     0x00001a40      0x945 .\CortexM3\ARM_GCC_541\Debug\combintional_lock.a(USBUART_std.o)
 .debug_loc     0x00002385       0x84 .\CortexM3\ARM_GCC_541\Debug\combintional_lock.a(USBUART_Dp.o)
 .debug_loc     0x00002409      0x3c6 .\CortexM3\ARM_GCC_541\Debug\combintional_lock.a(LCD.o)
 .debug_loc     0x000027cf       0x42 .\CortexM3\ARM_GCC_541\Debug\combintional_lock.a(Pin_1.o)
 .debug_loc     0x00002811       0x42 .\CortexM3\ARM_GCC_541\Debug\combintional_lock.a(Pin_2.o)
 .debug_loc     0x00002853      0x3b2 .\CortexM3\ARM_GCC_541\Debug\combintional_lock.a(CyFlash.o)
 .debug_loc     0x00002c05      0x705 .\CortexM3\ARM_GCC_541\Debug\combintional_lock.a(CySpc.o)
 .debug_loc     0x0000330a       0x6a .\CortexM3\ARM_GCC_541\Debug\combintional_lock.a(USBUART_cls.o)

.debug_macinfo
 *(.debug_macinfo)

.debug_ranges   0x00000000      0x8c8
 *(.debug_ranges)
 .debug_ranges  0x00000000       0x18 .\CortexM3\ARM_GCC_541\Debug\main.o
 .debug_ranges  0x00000018       0x48 .\CortexM3\ARM_GCC_541\Debug\cyfitter_cfg.o
 .debug_ranges  0x00000060       0x38 .\CortexM3\ARM_GCC_541\Debug\Cm3Start.o
 .debug_ranges  0x00000098      0x290 .\CortexM3\ARM_GCC_541\Debug\combintional_lock.a(CyLib.o)
 .debug_ranges  0x00000328       0x88 .\CortexM3\ARM_GCC_541\Debug\combintional_lock.a(cyPm.o)
 .debug_ranges  0x000003b0       0xd0 .\CortexM3\ARM_GCC_541\Debug\combintional_lock.a(USBUART.o)
 .debug_ranges  0x00000480       0xd8 .\CortexM3\ARM_GCC_541\Debug\combintional_lock.a(USBUART_cdc.o)
 .debug_ranges  0x00000558       0x88 .\CortexM3\ARM_GCC_541\Debug\combintional_lock.a(USBUART_drv.o)
 .debug_ranges  0x000005e0       0x30 .\CortexM3\ARM_GCC_541\Debug\combintional_lock.a(USBUART_episr.o)
 .debug_ranges  0x00000610       0x30 .\CortexM3\ARM_GCC_541\Debug\combintional_lock.a(USBUART_pm.o)
 .debug_ranges  0x00000640       0x70 .\CortexM3\ARM_GCC_541\Debug\combintional_lock.a(USBUART_std.o)
 .debug_ranges  0x000006b0       0x10 .\CortexM3\ARM_GCC_541\Debug\combintional_lock.a(USBUART_vnd.o)
 .debug_ranges  0x000006c0       0x38 .\CortexM3\ARM_GCC_541\Debug\combintional_lock.a(USBUART_Dp.o)
 .debug_ranges  0x000006f8       0x88 .\CortexM3\ARM_GCC_541\Debug\combintional_lock.a(LCD.o)
 .debug_ranges  0x00000780       0x28 .\CortexM3\ARM_GCC_541\Debug\combintional_lock.a(Pin_1.o)
 .debug_ranges  0x000007a8       0x28 .\CortexM3\ARM_GCC_541\Debug\combintional_lock.a(Pin_2.o)
 .debug_ranges  0x000007d0       0x78 .\CortexM3\ARM_GCC_541\Debug\combintional_lock.a(CyFlash.o)
 .debug_ranges  0x00000848       0x70 .\CortexM3\ARM_GCC_541\Debug\combintional_lock.a(CySpc.o)
 .debug_ranges  0x000008b8       0x10 .\CortexM3\ARM_GCC_541\Debug\combintional_lock.a(USBUART_cls.o)

.comment        0x00000000       0x6e
 .comment       0x00000000       0x6e .\CortexM3\ARM_GCC_541\Debug\main.o
                                 0x6f (size before relaxing)
 .comment       0x0000006e       0x6f .\CortexM3\ARM_GCC_541\Debug\cyfitter_cfg.o
 .comment       0x0000006e       0x6f .\CortexM3\ARM_GCC_541\Debug\cymetadata.o
 .comment       0x0000006e       0x6f .\CortexM3\ARM_GCC_541\Debug\Cm3Start.o
 .comment       0x0000006e       0x6f .\CortexM3\ARM_GCC_541\Debug\combintional_lock.a(CyLib.o)
 .comment       0x0000006e       0x6f .\CortexM3\ARM_GCC_541\Debug\combintional_lock.a(cyPm.o)
 .comment       0x0000006e       0x6f .\CortexM3\ARM_GCC_541\Debug\combintional_lock.a(USBUART.o)
 .comment       0x0000006e       0x6f .\CortexM3\ARM_GCC_541\Debug\combintional_lock.a(USBUART_cdc.o)
 .comment       0x0000006e       0x6f .\CortexM3\ARM_GCC_541\Debug\combintional_lock.a(USBUART_drv.o)
 .comment       0x0000006e       0x6f .\CortexM3\ARM_GCC_541\Debug\combintional_lock.a(USBUART_episr.o)
 .comment       0x0000006e       0x6f .\CortexM3\ARM_GCC_541\Debug\combintional_lock.a(USBUART_pm.o)
 .comment       0x0000006e       0x6f .\CortexM3\ARM_GCC_541\Debug\combintional_lock.a(USBUART_std.o)
 .comment       0x0000006e       0x6f .\CortexM3\ARM_GCC_541\Debug\combintional_lock.a(USBUART_vnd.o)
 .comment       0x0000006e       0x6f .\CortexM3\ARM_GCC_541\Debug\combintional_lock.a(USBUART_Dp.o)
 .comment       0x0000006e       0x6f .\CortexM3\ARM_GCC_541\Debug\combintional_lock.a(LCD.o)
 .comment       0x0000006e       0x6f .\CortexM3\ARM_GCC_541\Debug\combintional_lock.a(Pin_1.o)
 .comment       0x0000006e       0x6f .\CortexM3\ARM_GCC_541\Debug\combintional_lock.a(Pin_2.o)
 .comment       0x0000006e       0x6f .\CortexM3\ARM_GCC_541\Debug\combintional_lock.a(CyFlash.o)
 .comment       0x0000006e       0x6f .\CortexM3\ARM_GCC_541\Debug\combintional_lock.a(CySpc.o)
 .comment       0x0000006e       0x6f .\CortexM3\ARM_GCC_541\Debug\combintional_lock.a(USBUART_cls.o)
 .comment       0x0000006e       0x6f .\CortexM3\ARM_GCC_541\Debug\combintional_lock.a(USBUART_descr.o)

.debug_weaknames
 *(.debug_weaknames)

.debug_funcnames
 *(.debug_funcnames)

.debug_typenames
 *(.debug_typenames)

.debug_varnames
 *(.debug_varnames)

.note.gnu.arm.ident
 *(.note.gnu.arm.ident)

.ARM.attributes
                0x00000000       0x29
 *(.ARM.attributes)
 .ARM.attributes
                0x00000000       0x1d c:/program files (x86)/cypress/psoc creator/4.4/psoc creator/import/gnu/arm/5.4.1/bin/../lib/gcc/arm-none-eabi/5.4.1/armv7-m/crti.o
 .ARM.attributes
                0x0000001d       0x2d c:/program files (x86)/cypress/psoc creator/4.4/psoc creator/import/gnu/arm/5.4.1/bin/../lib/gcc/arm-none-eabi/5.4.1/armv7-m/crtbegin.o
 .ARM.attributes
                0x0000004a       0x1b c:/program files (x86)/cypress/psoc creator/4.4/psoc creator/import/gnu/arm/5.4.1/bin/../lib/gcc/arm-none-eabi/5.4.1/../../../../arm-none-eabi/lib/armv7-m/crt0.o
 .ARM.attributes
                0x00000065       0x33 .\CortexM3\ARM_GCC_541\Debug\main.o
 .ARM.attributes
                0x00000098       0x33 .\CortexM3\ARM_GCC_541\Debug\cyfitter_cfg.o
 .ARM.attributes
                0x000000cb       0x33 .\CortexM3\ARM_GCC_541\Debug\cymetadata.o
 .ARM.attributes
                0x000000fe       0x33 .\CortexM3\ARM_GCC_541\Debug\Cm3Start.o
 .ARM.attributes
                0x00000131       0x33 .\CortexM3\ARM_GCC_541\Debug\combintional_lock.a(CyLib.o)
 .ARM.attributes
                0x00000164       0x33 .\CortexM3\ARM_GCC_541\Debug\combintional_lock.a(cyPm.o)
 .ARM.attributes
                0x00000197       0x33 .\CortexM3\ARM_GCC_541\Debug\combintional_lock.a(USBUART.o)
 .ARM.attributes
                0x000001ca       0x33 .\CortexM3\ARM_GCC_541\Debug\combintional_lock.a(USBUART_cdc.o)
 .ARM.attributes
                0x000001fd       0x33 .\CortexM3\ARM_GCC_541\Debug\combintional_lock.a(USBUART_drv.o)
 .ARM.attributes
                0x00000230       0x33 .\CortexM3\ARM_GCC_541\Debug\combintional_lock.a(USBUART_episr.o)
 .ARM.attributes
                0x00000263       0x33 .\CortexM3\ARM_GCC_541\Debug\combintional_lock.a(USBUART_pm.o)
 .ARM.attributes
                0x00000296       0x33 .\CortexM3\ARM_GCC_541\Debug\combintional_lock.a(USBUART_std.o)
 .ARM.attributes
                0x000002c9       0x33 .\CortexM3\ARM_GCC_541\Debug\combintional_lock.a(USBUART_vnd.o)
 .ARM.attributes
                0x000002fc       0x33 .\CortexM3\ARM_GCC_541\Debug\combintional_lock.a(USBUART_Dp.o)
 .ARM.attributes
                0x0000032f       0x33 .\CortexM3\ARM_GCC_541\Debug\combintional_lock.a(LCD.o)
 .ARM.attributes
                0x00000362       0x33 .\CortexM3\ARM_GCC_541\Debug\combintional_lock.a(Pin_1.o)
 .ARM.attributes
                0x00000395       0x33 .\CortexM3\ARM_GCC_541\Debug\combintional_lock.a(Pin_2.o)
 .ARM.attributes
                0x000003c8       0x21 .\CortexM3\ARM_GCC_541\Debug\combintional_lock.a(CyBootAsmGnu.o)
 .ARM.attributes
                0x000003e9       0x33 .\CortexM3\ARM_GCC_541\Debug\combintional_lock.a(CyFlash.o)
 .ARM.attributes
                0x0000041c       0x33 .\CortexM3\ARM_GCC_541\Debug\combintional_lock.a(CySpc.o)
 .ARM.attributes
                0x0000044f       0x33 .\CortexM3\ARM_GCC_541\Debug\combintional_lock.a(USBUART_cls.o)
 .ARM.attributes
                0x00000482       0x33 .\CortexM3\ARM_GCC_541\Debug\combintional_lock.a(USBUART_descr.o)
 .ARM.attributes
                0x000004b5       0x2d c:/program files (x86)/cypress/psoc creator/4.4/psoc creator/import/gnu/arm/5.4.1/bin/../lib/gcc/arm-none-eabi/5.4.1/../../../../arm-none-eabi/lib/armv7-m\libg_nano.a(lib_a-errno.o)
 .ARM.attributes
                0x000004e2       0x2d c:/program files (x86)/cypress/psoc creator/4.4/psoc creator/import/gnu/arm/5.4.1/bin/../lib/gcc/arm-none-eabi/5.4.1/../../../../arm-none-eabi/lib/armv7-m\libg_nano.a(lib_a-exit.o)
 .ARM.attributes
                0x0000050f       0x2d c:/program files (x86)/cypress/psoc creator/4.4/psoc creator/import/gnu/arm/5.4.1/bin/../lib/gcc/arm-none-eabi/5.4.1/../../../../arm-none-eabi/lib/armv7-m\libg_nano.a(lib_a-impure.o)
 .ARM.attributes
                0x0000053c       0x2d c:/program files (x86)/cypress/psoc creator/4.4/psoc creator/import/gnu/arm/5.4.1/bin/../lib/gcc/arm-none-eabi/5.4.1/../../../../arm-none-eabi/lib/armv7-m\libg_nano.a(lib_a-init.o)
 .ARM.attributes
                0x00000569       0x2d c:/program files (x86)/cypress/psoc creator/4.4/psoc creator/import/gnu/arm/5.4.1/bin/../lib/gcc/arm-none-eabi/5.4.1/../../../../arm-none-eabi/lib/armv7-m\libg_nano.a(lib_a-memcpy-stub.o)
 .ARM.attributes
                0x00000596       0x2d c:/program files (x86)/cypress/psoc creator/4.4/psoc creator/import/gnu/arm/5.4.1/bin/../lib/gcc/arm-none-eabi/5.4.1/../../../../arm-none-eabi/lib/armv7-m\libg_nano.a(lib_a-memset.o)
 .ARM.attributes
                0x000005c3       0x1b c:/program files (x86)/cypress/psoc creator/4.4/psoc creator/import/gnu/arm/5.4.1/bin/../lib/gcc/arm-none-eabi/5.4.1/../../../../arm-none-eabi/lib/armv7-m\libg_nano.a(lib_a-strcmp.o)
 .ARM.attributes
                0x000005de       0x2d c:/program files (x86)/cypress/psoc creator/4.4/psoc creator/import/gnu/arm/5.4.1/bin/../lib/gcc/arm-none-eabi/5.4.1/armv7-m/crtend.o
 .ARM.attributes
                0x0000060b       0x1d c:/program files (x86)/cypress/psoc creator/4.4/psoc creator/import/gnu/arm/5.4.1/bin/../lib/gcc/arm-none-eabi/5.4.1/armv7-m/crtn.o

/DISCARD/
 *(.note.GNU-stack)
OUTPUT(C:\Users\91961\Desktop\embedded_lab\PSOC_EC32\Workspace01\combintional_lock.cydsn\CortexM3\ARM_GCC_541\Debug\combintional_lock.elf elf32-littlearm)
